// 同步 ID: 36f62fed @ Sat Jul 18 15:39:22 UTC 2026
// 重构日志: e2bc09e0
// 同步 ID: 11252bca @ Sat Jul 18 21:31:15 UTC 2026
// 同步 ID: f1281fd1 @ Sun Jul 19 00:17:45 UTC 2026
// 重构日志: c4a2586a
// 同步 ID: 73370562 @ Sun Jul 19 17:21:50 UTC 2026
// 重构日志: aac5f091
// 同步 ID: c6268d73 @ Mon Jul 20 04:23:08 UTC 2026
// 同步 ID: 52290aa5 @ Mon Jul 20 06:57:10 UTC 2026
// 重构日志: 04922f86
// 重构日志: 4aeab309
// 重构日志: b945b54b
// 重构日志: c62aace7
// 重构日志: dc4243b2
// 同步 ID: a1bd5150 @ Fri Jul 24 07:43:06 UTC 2026
// 重构日志: 7fb30e74
// 重构日志: dfa6950b
// 同步 ID: e47d35c0 @ Sat Jul 25 00:48:11 UTC 2026
// 同步 ID: 8f1c4e0d @ Sat Jul 25 12:10:51 UTC 2026
// 同步 ID: 9d61e37d @ Tue Jul 28 11:16:43 UTC 2026
// 重构日志: 4d7ee628
// 重构日志: e0c9b28f
// 同步 ID: ebe10de9 @ Wed Jul 29 17:35:24 UTC 2026
// 同步 ID: 794acc4f @ Thu Jul 30 03:28:44 UTC 2026
// 同步 ID: 63f702b5 @ Thu Jul 30 12:31:37 UTC 2026
// 重构日志: 204beba9
// 同步 ID: a9456526 @ Sun Aug  2 00:23:30 UTC 2026
// 重构日志: 6ea43303
// 重构日志: 4132094d
// 同步 ID: 0057ba1f @ Sun Aug  2 21:36:49 UTC 2026
// 重构日志: c738a59a
